[     236ms] [LOG] [Fast Refresh] rebuilding @ http://localhost:3000/_next/static/chunks/node_modules_next_dist_f3530cac._.js:2297
[    6776ms] [LOG] [Fast Refresh] done in 6640ms @ http://localhost:3000/_next/static/chunks/node_modules_next_dist_f3530cac._.js:2297
[    7540ms] [INFO] %cDownload the React DevTools for a better development experience: https://react.dev/link/react-devtools font-weight:bold @ http://localhost:3000/_next/static/chunks/node_modules_next_dist_f3530cac._.js:2297
[    7675ms] [LOG] [HMR] connected @ http://localhost:3000/_next/static/chunks/node_modules_next_dist_f3530cac._.js:2297
[    9941ms] [LOG] [Fast Refresh] rebuilding @ http://localhost:3000/_next/static/chunks/node_modules_next_dist_f3530cac._.js:2297
[   11948ms] [LOG] [Fast Refresh] done in 2108ms @ http://localhost:3000/_next/static/chunks/node_modules_next_dist_f3530cac._.js:2297
[   21198ms] [WARNING] Image with src "/portfolio/echitech-desktop.webp" was detected as the Largest Contentful Paint (LCP). Please add the `loading="eager"` property if this image is above the fold.
Read more: https://nextjs.org/docs/app/api-reference/components/image#loading @ http://localhost:3000/_next/static/chunks/node_modules_next_dist_f3530cac._.js:2297
[   37643ms] [LOG] [Fast Refresh] rebuilding @ http://localhost:3000/_next/static/chunks/node_modules_next_dist_f3530cac._.js:2297
[   39610ms] [LOG] [Fast Refresh] done in 2067ms @ http://localhost:3000/_next/static/chunks/node_modules_next_dist_f3530cac._.js:2297
[   70597ms] [LOG] [Fast Refresh] rebuilding @ http://localhost:3000/_next/static/chunks/node_modules_next_dist_f3530cac._.js:2297
[   73377ms] [LOG] [Fast Refresh] done in 2810ms @ http://localhost:3000/_next/static/chunks/node_modules_next_dist_f3530cac._.js:2297
[  156291ms] [ERROR] WebSocket connection to 'ws://localhost:3000/_next/webpack-hmr?id=g0vVwEBB70uBZ3X3ZbO6X' failed: Error in connection establishment: net::ERR_CONNECTION_REFUSED @ http://localhost:3000/_next/static/chunks/node_modules_next_dist_client_17643121._.js:10878
[  157296ms] [ERROR] WebSocket connection to 'ws://localhost:3000/_next/webpack-hmr?id=g0vVwEBB70uBZ3X3ZbO6X' failed: Error in connection establishment: net::ERR_CONNECTION_REFUSED @ http://localhost:3000/_next/static/chunks/node_modules_next_dist_client_17643121._.js:10878
[  158450ms] [ERROR] WebSocket connection to 'ws://localhost:3000/_next/webpack-hmr?id=g0vVwEBB70uBZ3X3ZbO6X' failed: Error in connection establishment: net::ERR_CONNECTION_REFUSED @ http://localhost:3000/_next/static/chunks/node_modules_next_dist_client_17643121._.js:10878
[  159458ms] [ERROR] WebSocket connection to 'ws://localhost:3000/_next/webpack-hmr?id=g0vVwEBB70uBZ3X3ZbO6X' failed: Error in connection establishment: net::ERR_CONNECTION_REFUSED @ http://localhost:3000/_next/static/chunks/node_modules_next_dist_client_17643121._.js:10878
[  160467ms] [ERROR] WebSocket connection to 'ws://localhost:3000/_next/webpack-hmr?id=g0vVwEBB70uBZ3X3ZbO6X' failed: Error in connection establishment: net::ERR_CONNECTION_REFUSED @ http://localhost:3000/_next/static/chunks/node_modules_next_dist_client_17643121._.js:10878
[  165471ms] [ERROR] WebSocket connection to 'ws://localhost:3000/_next/webpack-hmr?id=g0vVwEBB70uBZ3X3ZbO6X' failed: Error in connection establishment: net::ERR_CONNECTION_REFUSED @ http://localhost:3000/_next/static/chunks/node_modules_next_dist_client_17643121._.js:10878
[  170482ms] [ERROR] WebSocket connection to 'ws://localhost:3000/_next/webpack-hmr?id=g0vVwEBB70uBZ3X3ZbO6X' failed: Error in connection establishment: net::ERR_CONNECTION_REFUSED @ http://localhost:3000/_next/static/chunks/node_modules_next_dist_client_17643121._.js:10878
[  175503ms] [ERROR] WebSocket connection to 'ws://localhost:3000/_next/webpack-hmr?id=g0vVwEBB70uBZ3X3ZbO6X' failed: Error in connection establishment: net::ERR_CONNECTION_REFUSED @ http://localhost:3000/_next/static/chunks/node_modules_next_dist_client_17643121._.js:10878
[  180518ms] [ERROR] WebSocket connection to 'ws://localhost:3000/_next/webpack-hmr?id=g0vVwEBB70uBZ3X3ZbO6X' failed: Error in connection establishment: net::ERR_CONNECTION_REFUSED @ http://localhost:3000/_next/static/chunks/node_modules_next_dist_client_17643121._.js:10878
[  185540ms] [ERROR] WebSocket connection to 'ws://localhost:3000/_next/webpack-hmr?id=g0vVwEBB70uBZ3X3ZbO6X' failed: Error in connection establishment: net::ERR_CONNECTION_REFUSED @ http://localhost:3000/_next/static/chunks/node_modules_next_dist_client_17643121._.js:10878
[  190589ms] [ERROR] WebSocket connection to 'ws://localhost:3000/_next/webpack-hmr?id=g0vVwEBB70uBZ3X3ZbO6X' failed: Error in connection establishment: net::ERR_CONNECTION_REFUSED @ http://localhost:3000/_next/static/chunks/node_modules_next_dist_client_17643121._.js:10878
[  195659ms] [ERROR] WebSocket connection to 'ws://localhost:3000/_next/webpack-hmr?id=g0vVwEBB70uBZ3X3ZbO6X' failed: Error in connection establishment: net::ERR_CONNECTION_REFUSED @ http://localhost:3000/_next/static/chunks/node_modules_next_dist_client_17643121._.js:10878
