[     165ms] [LOG] [Fast Refresh] rebuilding @ http://localhost:3000/_next/static/chunks/node_modules_next_dist_f3530cac._.js:2297
[    1050ms] [LOG] [Fast Refresh] done in 986ms @ http://localhost:3000/_next/static/chunks/node_modules_next_dist_f3530cac._.js:2297
[    1645ms] [INFO] %cDownload the React DevTools for a better development experience: https://react.dev/link/react-devtools font-weight:bold @ http://localhost:3000/_next/static/chunks/node_modules_next_dist_f3530cac._.js:2297
[    1739ms] [LOG] [HMR] connected @ http://localhost:3000/_next/static/chunks/node_modules_next_dist_f3530cac._.js:2297
[    2993ms] [LOG] [Fast Refresh] rebuilding @ http://localhost:3000/_next/static/chunks/node_modules_next_dist_f3530cac._.js:2297
[    5135ms] [LOG] [Fast Refresh] done in 2242ms @ http://localhost:3000/_next/static/chunks/node_modules_next_dist_f3530cac._.js:2297
[    7563ms] [LOG] [Fast Refresh] rebuilding @ http://localhost:3000/_next/static/chunks/node_modules_next_dist_f3530cac._.js:2297
[    9076ms] [LOG] [Fast Refresh] done in 1613ms @ http://localhost:3000/_next/static/chunks/node_modules_next_dist_f3530cac._.js:2297
[   12175ms] [WARNING] The resource http://localhost:3000/_next/image?url=%2Fportfolio%2Fmetropolitan-family-hospital-desktop.webp&w=640&q=75 was preloaded using link preload but not used within a few seconds from the window's load event. Please make sure it has an appropriate `as` value and it is preloaded intentionally. @ http://localhost:3000/portfolio:0
[   12779ms] [LOG] [Fast Refresh] rebuilding @ http://localhost:3000/_next/static/chunks/node_modules_next_dist_f3530cac._.js:2297
[   14225ms] [LOG] [Fast Refresh] done in 1547ms @ http://localhost:3000/_next/static/chunks/node_modules_next_dist_f3530cac._.js:2297
[   16366ms] [WARNING] The resource http://localhost:3000/_next/image?url=%2Fportfolio%2Fmetropolitan-family-hospital-desktop.webp&w=640&q=75 was preloaded using link preload but not used within a few seconds from the window's load event. Please make sure it has an appropriate `as` value and it is preloaded intentionally. @ http://localhost:3000/portfolio:0
[   21193ms] [WARNING] The resource http://localhost:3000/_next/image?url=%2Fportfolio%2Fmetropolitan-family-hospital-desktop.webp&w=640&q=75 was preloaded using link preload but not used within a few seconds from the window's load event. Please make sure it has an appropriate `as` value and it is preloaded intentionally. @ http://localhost:3000/portfolio:0
[   25399ms] [WARNING] The resource http://localhost:3000/_next/image?url=%2Fportfolio%2Fmetropolitan-family-hospital-desktop.webp&w=640&q=75 was preloaded using link preload but not used within a few seconds from the window's load event. Please make sure it has an appropriate `as` value and it is preloaded intentionally. @ http://localhost:3000/portfolio:0
[   30073ms] [WARNING] The resource http://localhost:3000/_next/image?url=%2Fportfolio%2Fmetropolitan-family-hospital-desktop.webp&w=640&q=75 was preloaded using link preload but not used within a few seconds from the window's load event. Please make sure it has an appropriate `as` value and it is preloaded intentionally. @ http://localhost:3000/portfolio:0
[   37278ms] [WARNING] The resource http://localhost:3000/_next/image?url=%2Fportfolio%2Fmetropolitan-family-hospital-desktop.webp&w=640&q=75 was preloaded using link preload but not used within a few seconds from the window's load event. Please make sure it has an appropriate `as` value and it is preloaded intentionally. @ http://localhost:3000/portfolio:0
[   41678ms] [WARNING] The resource http://localhost:3000/_next/image?url=%2Fportfolio%2Fmetropolitan-family-hospital-desktop.webp&w=640&q=75 was preloaded using link preload but not used within a few seconds from the window's load event. Please make sure it has an appropriate `as` value and it is preloaded intentionally. @ http://localhost:3000/portfolio:0
[   46076ms] [WARNING] The resource http://localhost:3000/_next/image?url=%2Fportfolio%2Fmetropolitan-family-hospital-desktop.webp&w=640&q=75 was preloaded using link preload but not used within a few seconds from the window's load event. Please make sure it has an appropriate `as` value and it is preloaded intentionally. @ http://localhost:3000/portfolio:0
[   50969ms] [WARNING] The resource http://localhost:3000/_next/image?url=%2Fportfolio%2Fmetropolitan-family-hospital-desktop.webp&w=640&q=75 was preloaded using link preload but not used within a few seconds from the window's load event. Please make sure it has an appropriate `as` value and it is preloaded intentionally. @ http://localhost:3000/portfolio:0
[   57325ms] [WARNING] The resource http://localhost:3000/_next/image?url=%2Fportfolio%2Fmetropolitan-family-hospital-desktop.webp&w=640&q=75 was preloaded using link preload but not used within a few seconds from the window's load event. Please make sure it has an appropriate `as` value and it is preloaded intentionally. @ http://localhost:3000/portfolio:0
[   62678ms] [WARNING] The resource http://localhost:3000/_next/image?url=%2Fportfolio%2Fmetropolitan-family-hospital-desktop.webp&w=640&q=75 was preloaded using link preload but not used within a few seconds from the window's load event. Please make sure it has an appropriate `as` value and it is preloaded intentionally. @ http://localhost:3000/portfolio:0
[   66373ms] [WARNING] The resource http://localhost:3000/_next/image?url=%2Fportfolio%2Fmetropolitan-family-hospital-desktop.webp&w=640&q=75 was preloaded using link preload but not used within a few seconds from the window's load event. Please make sure it has an appropriate `as` value and it is preloaded intentionally. @ http://localhost:3000/portfolio:0
[   69781ms] [WARNING] The resource http://localhost:3000/_next/image?url=%2Fportfolio%2Fmetropolitan-family-hospital-desktop.webp&w=640&q=75 was preloaded using link preload but not used within a few seconds from the window's load event. Please make sure it has an appropriate `as` value and it is preloaded intentionally. @ http://localhost:3000/portfolio:0
[   81076ms] [WARNING] The resource http://localhost:3000/_next/image?url=%2Fportfolio%2Fmetropolitan-family-hospital-desktop.webp&w=640&q=75 was preloaded using link preload but not used within a few seconds from the window's load event. Please make sure it has an appropriate `as` value and it is preloaded intentionally. @ http://localhost:3000/portfolio:0
[   89813ms] [WARNING] The resource http://localhost:3000/_next/image?url=%2Fportfolio%2Fmetropolitan-family-hospital-desktop.webp&w=640&q=75 was preloaded using link preload but not used within a few seconds from the window's load event. Please make sure it has an appropriate `as` value and it is preloaded intentionally. @ http://localhost:3000/portfolio:0
[   98580ms] [WARNING] The resource http://localhost:3000/_next/image?url=%2Fportfolio%2Fmetropolitan-family-hospital-desktop.webp&w=640&q=75 was preloaded using link preload but not used within a few seconds from the window's load event. Please make sure it has an appropriate `as` value and it is preloaded intentionally. @ http://localhost:3000/portfolio:0
[  105573ms] [WARNING] The resource http://localhost:3000/_next/image?url=%2Fportfolio%2Fmetropolitan-family-hospital-desktop.webp&w=640&q=75 was preloaded using link preload but not used within a few seconds from the window's load event. Please make sure it has an appropriate `as` value and it is preloaded intentionally. @ http://localhost:3000/portfolio:0
[  110478ms] [WARNING] The resource http://localhost:3000/_next/image?url=%2Fportfolio%2Fmetropolitan-family-hospital-desktop.webp&w=640&q=75 was preloaded using link preload but not used within a few seconds from the window's load event. Please make sure it has an appropriate `as` value and it is preloaded intentionally. @ http://localhost:3000/portfolio:0
[  115156ms] [WARNING] The resource http://localhost:3000/_next/image?url=%2Fportfolio%2Fmetropolitan-family-hospital-desktop.webp&w=640&q=75 was preloaded using link preload but not used within a few seconds from the window's load event. Please make sure it has an appropriate `as` value and it is preloaded intentionally. @ http://localhost:3000/portfolio:0
[  123049ms] [WARNING] The resource http://localhost:3000/_next/image?url=%2Fportfolio%2Fmetropolitan-family-hospital-desktop.webp&w=640&q=75 was preloaded using link preload but not used within a few seconds from the window's load event. Please make sure it has an appropriate `as` value and it is preloaded intentionally. @ http://localhost:3000/portfolio:0
[  128892ms] [WARNING] The resource http://localhost:3000/_next/image?url=%2Fportfolio%2Fmetropolitan-family-hospital-desktop.webp&w=640&q=75 was preloaded using link preload but not used within a few seconds from the window's load event. Please make sure it has an appropriate `as` value and it is preloaded intentionally. @ http://localhost:3000/portfolio:0
[  133452ms] [WARNING] The resource http://localhost:3000/_next/image?url=%2Fportfolio%2Fmetropolitan-family-hospital-desktop.webp&w=640&q=75 was preloaded using link preload but not used within a few seconds from the window's load event. Please make sure it has an appropriate `as` value and it is preloaded intentionally. @ http://localhost:3000/portfolio:0
[  137483ms] [WARNING] The resource http://localhost:3000/_next/image?url=%2Fportfolio%2Fmetropolitan-family-hospital-desktop.webp&w=640&q=75 was preloaded using link preload but not used within a few seconds from the window's load event. Please make sure it has an appropriate `as` value and it is preloaded intentionally. @ http://localhost:3000/portfolio:0
[  146477ms] [WARNING] The resource http://localhost:3000/_next/image?url=%2Fportfolio%2Fmetropolitan-family-hospital-desktop.webp&w=640&q=75 was preloaded using link preload but not used within a few seconds from the window's load event. Please make sure it has an appropriate `as` value and it is preloaded intentionally. @ http://localhost:3000/portfolio:0
[  155296ms] [WARNING] The resource http://localhost:3000/_next/image?url=%2Fportfolio%2Fmetropolitan-family-hospital-desktop.webp&w=640&q=75 was preloaded using link preload but not used within a few seconds from the window's load event. Please make sure it has an appropriate `as` value and it is preloaded intentionally. @ http://localhost:3000/portfolio:0
[  158474ms] [WARNING] The resource http://localhost:3000/_next/image?url=%2Fportfolio%2Fmetropolitan-family-hospital-desktop.webp&w=640&q=75 was preloaded using link preload but not used within a few seconds from the window's load event. Please make sure it has an appropriate `as` value and it is preloaded intentionally. @ http://localhost:3000/portfolio:0
[  164096ms] [WARNING] The resource http://localhost:3000/_next/image?url=%2Fportfolio%2Fmetropolitan-family-hospital-desktop.webp&w=640&q=75 was preloaded using link preload but not used within a few seconds from the window's load event. Please make sure it has an appropriate `as` value and it is preloaded intentionally. @ http://localhost:3000/portfolio:0
[  167373ms] [WARNING] The resource http://localhost:3000/_next/image?url=%2Fportfolio%2Fmetropolitan-family-hospital-desktop.webp&w=640&q=75 was preloaded using link preload but not used within a few seconds from the window's load event. Please make sure it has an appropriate `as` value and it is preloaded intentionally. @ http://localhost:3000/portfolio:0
[  171171ms] [WARNING] The resource http://localhost:3000/_next/image?url=%2Fportfolio%2Fmetropolitan-family-hospital-desktop.webp&w=640&q=75 was preloaded using link preload but not used within a few seconds from the window's load event. Please make sure it has an appropriate `as` value and it is preloaded intentionally. @ http://localhost:3000/portfolio:0
[  176088ms] [WARNING] The resource http://localhost:3000/_next/image?url=%2Fportfolio%2Fmetropolitan-family-hospital-desktop.webp&w=640&q=75 was preloaded using link preload but not used within a few seconds from the window's load event. Please make sure it has an appropriate `as` value and it is preloaded intentionally. @ http://localhost:3000/portfolio:0
[  179375ms] [WARNING] The resource http://localhost:3000/_next/image?url=%2Fportfolio%2Fmetropolitan-family-hospital-desktop.webp&w=640&q=75 was preloaded using link preload but not used within a few seconds from the window's load event. Please make sure it has an appropriate `as` value and it is preloaded intentionally. @ http://localhost:3000/portfolio:0
[  179539ms] [LOG] [Fast Refresh] rebuilding @ http://localhost:3000/_next/static/chunks/node_modules_next_dist_f3530cac._.js:2297
[  179597ms] [LOG] [Fast Refresh] done in 159ms @ http://localhost:3000/_next/static/chunks/node_modules_next_dist_f3530cac._.js:2297
[  182782ms] [WARNING] The resource http://localhost:3000/_next/image?url=%2Fportfolio%2Fmetropolitan-family-hospital-desktop.webp&w=640&q=75 was preloaded using link preload but not used within a few seconds from the window's load event. Please make sure it has an appropriate `as` value and it is preloaded intentionally. @ http://localhost:3000/portfolio:0
[  187283ms] [WARNING] The resource http://localhost:3000/_next/image?url=%2Fportfolio%2Fmetropolitan-family-hospital-desktop.webp&w=640&q=75 was preloaded using link preload but not used within a few seconds from the window's load event. Please make sure it has an appropriate `as` value and it is preloaded intentionally. @ http://localhost:3000/portfolio:0
[  191278ms] [WARNING] The resource http://localhost:3000/_next/image?url=%2Fportfolio%2Fmetropolitan-family-hospital-desktop.webp&w=640&q=75 was preloaded using link preload but not used within a few seconds from the window's load event. Please make sure it has an appropriate `as` value and it is preloaded intentionally. @ http://localhost:3000/portfolio:0
[  195070ms] [WARNING] The resource http://localhost:3000/_next/image?url=%2Fportfolio%2Fmetropolitan-family-hospital-desktop.webp&w=640&q=75 was preloaded using link preload but not used within a few seconds from the window's load event. Please make sure it has an appropriate `as` value and it is preloaded intentionally. @ http://localhost:3000/portfolio:0
[  195796ms] [LOG] [Fast Refresh] rebuilding @ http://localhost:3000/_next/static/chunks/node_modules_next_dist_f3530cac._.js:2297
[  196337ms] [LOG] [Fast Refresh] done in 641ms @ http://localhost:3000/_next/static/chunks/node_modules_next_dist_f3530cac._.js:2297
[  199118ms] [WARNING] The resource http://localhost:3000/_next/image?url=%2Fportfolio%2Fmetropolitan-family-hospital-desktop.webp&w=640&q=75 was preloaded using link preload but not used within a few seconds from the window's load event. Please make sure it has an appropriate `as` value and it is preloaded intentionally. @ http://localhost:3000/portfolio:0
[  203563ms] [WARNING] The resource http://localhost:3000/_next/image?url=%2Fportfolio%2Fmetropolitan-family-hospital-desktop.webp&w=640&q=75 was preloaded using link preload but not used within a few seconds from the window's load event. Please make sure it has an appropriate `as` value and it is preloaded intentionally. @ http://localhost:3000/portfolio:0
[  207915ms] [WARNING] The resource http://localhost:3000/_next/image?url=%2Fportfolio%2Fmetropolitan-family-hospital-desktop.webp&w=640&q=75 was preloaded using link preload but not used within a few seconds from the window's load event. Please make sure it has an appropriate `as` value and it is preloaded intentionally. @ http://localhost:3000/portfolio:0
[  212294ms] [WARNING] The resource http://localhost:3000/_next/image?url=%2Fportfolio%2Fmetropolitan-family-hospital-desktop.webp&w=640&q=75 was preloaded using link preload but not used within a few seconds from the window's load event. Please make sure it has an appropriate `as` value and it is preloaded intentionally. @ http://localhost:3000/portfolio:0
[  216002ms] [WARNING] The resource http://localhost:3000/_next/image?url=%2Fportfolio%2Fmetropolitan-family-hospital-desktop.webp&w=640&q=75 was preloaded using link preload but not used within a few seconds from the window's load event. Please make sure it has an appropriate `as` value and it is preloaded intentionally. @ http://localhost:3000/portfolio:0
[  220074ms] [WARNING] The resource http://localhost:3000/_next/image?url=%2Fportfolio%2Fmetropolitan-family-hospital-desktop.webp&w=640&q=75 was preloaded using link preload but not used within a few seconds from the window's load event. Please make sure it has an appropriate `as` value and it is preloaded intentionally. @ http://localhost:3000/portfolio:0
[  223791ms] [WARNING] The resource http://localhost:3000/_next/image?url=%2Fportfolio%2Fmetropolitan-family-hospital-desktop.webp&w=640&q=75 was preloaded using link preload but not used within a few seconds from the window's load event. Please make sure it has an appropriate `as` value and it is preloaded intentionally. @ http://localhost:3000/portfolio:0
[  226798ms] [LOG] [Fast Refresh] rebuilding @ http://localhost:3000/_next/static/chunks/node_modules_next_dist_f3530cac._.js:2297
[  231223ms] [LOG] [Fast Refresh] done in 4529ms @ http://localhost:3000/_next/static/chunks/node_modules_next_dist_f3530cac._.js:2297
[  231871ms] [WARNING] The resource http://localhost:3000/_next/image?url=%2Fportfolio%2Fmetropolitan-family-hospital-desktop.webp&w=640&q=75 was preloaded using link preload but not used within a few seconds from the window's load event. Please make sure it has an appropriate `as` value and it is preloaded intentionally. @ http://localhost:3000/portfolio:0
[  235678ms] [WARNING] The resource http://localhost:3000/_next/image?url=%2Fportfolio%2Fmetropolitan-family-hospital-desktop.webp&w=640&q=75 was preloaded using link preload but not used within a few seconds from the window's load event. Please make sure it has an appropriate `as` value and it is preloaded intentionally. @ http://localhost:3000/portfolio:0
[  239129ms] [LOG] [Fast Refresh] rebuilding @ http://localhost:3000/_next/static/chunks/node_modules_next_dist_f3530cac._.js:2297
[  239654ms] [LOG] [Fast Refresh] done in 626ms @ http://localhost:3000/_next/static/chunks/node_modules_next_dist_f3530cac._.js:2297
[  242441ms] [WARNING] The resource http://localhost:3000/_next/image?url=%2Fportfolio%2Fmetropolitan-family-hospital-desktop.webp&w=640&q=75 was preloaded using link preload but not used within a few seconds from the window's load event. Please make sure it has an appropriate `as` value and it is preloaded intentionally. @ http://localhost:3000/portfolio:0
[  245888ms] [WARNING] The resource http://localhost:3000/_next/image?url=%2Fportfolio%2Fmetropolitan-family-hospital-desktop.webp&w=640&q=75 was preloaded using link preload but not used within a few seconds from the window's load event. Please make sure it has an appropriate `as` value and it is preloaded intentionally. @ http://localhost:3000/portfolio:0
[  247465ms] [LOG] [Fast Refresh] rebuilding @ http://localhost:3000/_next/static/chunks/node_modules_next_dist_f3530cac._.js:2297
[  249650ms] [LOG] [Fast Refresh] done in 2251ms @ http://localhost:3000/_next/static/chunks/node_modules_next_dist_f3530cac._.js:2297
[  252652ms] [WARNING] The resource http://localhost:3000/_next/image?url=%2Fportfolio%2Fmetropolitan-family-hospital-desktop.webp&w=640&q=75 was preloaded using link preload but not used within a few seconds from the window's load event. Please make sure it has an appropriate `as` value and it is preloaded intentionally. @ http://localhost:3000/portfolio:0
[  256299ms] [WARNING] The resource http://localhost:3000/_next/image?url=%2Fportfolio%2Fmetropolitan-family-hospital-desktop.webp&w=640&q=75 was preloaded using link preload but not used within a few seconds from the window's load event. Please make sure it has an appropriate `as` value and it is preloaded intentionally. @ http://localhost:3000/portfolio:0
[  261412ms] [WARNING] The resource http://localhost:3000/_next/image?url=%2Fportfolio%2Fmetropolitan-family-hospital-desktop.webp&w=640&q=75 was preloaded using link preload but not used within a few seconds from the window's load event. Please make sure it has an appropriate `as` value and it is preloaded intentionally. @ http://localhost:3000/portfolio:0
[  267766ms] [WARNING] The resource http://localhost:3000/_next/image?url=%2Fportfolio%2Fmetropolitan-family-hospital-desktop.webp&w=640&q=75 was preloaded using link preload but not used within a few seconds from the window's load event. Please make sure it has an appropriate `as` value and it is preloaded intentionally. @ http://localhost:3000/portfolio:0
[  272577ms] [WARNING] The resource http://localhost:3000/_next/image?url=%2Fportfolio%2Fmetropolitan-family-hospital-desktop.webp&w=640&q=75 was preloaded using link preload but not used within a few seconds from the window's load event. Please make sure it has an appropriate `as` value and it is preloaded intentionally. @ http://localhost:3000/portfolio:0
[  276670ms] [WARNING] The resource http://localhost:3000/_next/image?url=%2Fportfolio%2Fmetropolitan-family-hospital-desktop.webp&w=640&q=75 was preloaded using link preload but not used within a few seconds from the window's load event. Please make sure it has an appropriate `as` value and it is preloaded intentionally. @ http://localhost:3000/portfolio:0
[  281369ms] [WARNING] The resource http://localhost:3000/_next/image?url=%2Fportfolio%2Fmetropolitan-family-hospital-desktop.webp&w=640&q=75 was preloaded using link preload but not used within a few seconds from the window's load event. Please make sure it has an appropriate `as` value and it is preloaded intentionally. @ http://localhost:3000/portfolio:0
[  288169ms] [WARNING] The resource http://localhost:3000/_next/image?url=%2Fportfolio%2Fmetropolitan-family-hospital-desktop.webp&w=640&q=75 was preloaded using link preload but not used within a few seconds from the window's load event. Please make sure it has an appropriate `as` value and it is preloaded intentionally. @ http://localhost:3000/portfolio:0
[  293293ms] [WARNING] The resource http://localhost:3000/_next/image?url=%2Fportfolio%2Fmetropolitan-family-hospital-desktop.webp&w=640&q=75 was preloaded using link preload but not used within a few seconds from the window's load event. Please make sure it has an appropriate `as` value and it is preloaded intentionally. @ http://localhost:3000/portfolio:0
[  297078ms] [WARNING] The resource http://localhost:3000/_next/image?url=%2Fportfolio%2Fmetropolitan-family-hospital-desktop.webp&w=640&q=75 was preloaded using link preload but not used within a few seconds from the window's load event. Please make sure it has an appropriate `as` value and it is preloaded intentionally. @ http://localhost:3000/portfolio:0
[  301971ms] [WARNING] The resource http://localhost:3000/_next/image?url=%2Fportfolio%2Fmetropolitan-family-hospital-desktop.webp&w=640&q=75 was preloaded using link preload but not used within a few seconds from the window's load event. Please make sure it has an appropriate `as` value and it is preloaded intentionally. @ http://localhost:3000/portfolio:0
[  302738ms] [ERROR] WebSocket connection to 'ws://localhost:3000/_next/webpack-hmr?id=uwMyBmWFh9Qg8FuItRWHM' failed: Error in connection establishment: net::ERR_CONNECTION_REFUSED @ http://localhost:3000/_next/static/chunks/node_modules_next_dist_client_17643121._.js:10878
[  303744ms] [ERROR] WebSocket connection to 'ws://localhost:3000/_next/webpack-hmr?id=uwMyBmWFh9Qg8FuItRWHM' failed: Error in connection establishment: net::ERR_CONNECTION_REFUSED @ http://localhost:3000/_next/static/chunks/node_modules_next_dist_client_17643121._.js:10878
[  304754ms] [ERROR] WebSocket connection to 'ws://localhost:3000/_next/webpack-hmr?id=uwMyBmWFh9Qg8FuItRWHM' failed: Error in connection establishment: net::ERR_CONNECTION_REFUSED @ http://localhost:3000/_next/static/chunks/node_modules_next_dist_client_17643121._.js:10878
[  305747ms] [WARNING] The resource http://localhost:3000/_next/image?url=%2Fportfolio%2Fmetropolitan-family-hospital-desktop.webp&w=640&q=75 was preloaded using link preload but not used within a few seconds from the window's load event. Please make sure it has an appropriate `as` value and it is preloaded intentionally. @ http://localhost:3000/portfolio:0
[  305760ms] [ERROR] WebSocket connection to 'ws://localhost:3000/_next/webpack-hmr?id=uwMyBmWFh9Qg8FuItRWHM' failed: Error in connection establishment: net::ERR_CONNECTION_REFUSED @ http://localhost:3000/_next/static/chunks/node_modules_next_dist_client_17643121._.js:10878
[  306765ms] [ERROR] WebSocket connection to 'ws://localhost:3000/_next/webpack-hmr?id=uwMyBmWFh9Qg8FuItRWHM' failed: Error in connection establishment: net::ERR_CONNECTION_REFUSED @ http://localhost:3000/_next/static/chunks/node_modules_next_dist_client_17643121._.js:10878
[  309491ms] [WARNING] The resource http://localhost:3000/_next/image?url=%2Fportfolio%2Fmetropolitan-family-hospital-desktop.webp&w=640&q=75 was preloaded using link preload but not used within a few seconds from the window's load event. Please make sure it has an appropriate `as` value and it is preloaded intentionally. @ http://localhost:3000/portfolio:0
[  311773ms] [ERROR] WebSocket connection to 'ws://localhost:3000/_next/webpack-hmr?id=uwMyBmWFh9Qg8FuItRWHM' failed: Error in connection establishment: net::ERR_CONNECTION_REFUSED @ http://localhost:3000/_next/static/chunks/node_modules_next_dist_client_17643121._.js:10878
[  316783ms] [ERROR] WebSocket connection to 'ws://localhost:3000/_next/webpack-hmr?id=uwMyBmWFh9Qg8FuItRWHM' failed: Error in connection establishment: net::ERR_CONNECTION_REFUSED @ http://localhost:3000/_next/static/chunks/node_modules_next_dist_client_17643121._.js:10878
[  321798ms] [ERROR] WebSocket connection to 'ws://localhost:3000/_next/webpack-hmr?id=uwMyBmWFh9Qg8FuItRWHM' failed: Error in connection establishment: net::ERR_CONNECTION_REFUSED @ http://localhost:3000/_next/static/chunks/node_modules_next_dist_client_17643121._.js:10878
[  326824ms] [ERROR] WebSocket connection to 'ws://localhost:3000/_next/webpack-hmr?id=uwMyBmWFh9Qg8FuItRWHM' failed: Error in connection establishment: net::ERR_CONNECTION_REFUSED @ http://localhost:3000/_next/static/chunks/node_modules_next_dist_client_17643121._.js:10878
[  331851ms] [ERROR] WebSocket connection to 'ws://localhost:3000/_next/webpack-hmr?id=uwMyBmWFh9Qg8FuItRWHM' failed: Error in connection establishment: net::ERR_CONNECTION_REFUSED @ http://localhost:3000/_next/static/chunks/node_modules_next_dist_client_17643121._.js:10878
[  336912ms] [ERROR] WebSocket connection to 'ws://localhost:3000/_next/webpack-hmr?id=uwMyBmWFh9Qg8FuItRWHM' failed: Error in connection establishment: net::ERR_CONNECTION_REFUSED @ http://localhost:3000/_next/static/chunks/node_modules_next_dist_client_17643121._.js:10878
[  342019ms] [ERROR] WebSocket connection to 'ws://localhost:3000/_next/webpack-hmr?id=uwMyBmWFh9Qg8FuItRWHM' failed: Error in connection establishment: net::ERR_CONNECTION_REFUSED @ http://localhost:3000/_next/static/chunks/node_modules_next_dist_client_17643121._.js:10878
